
Aspire@Acer MINGW64 ~
$ java -version
java version "1.8.0_102"
Java(TM) SE Runtime Environment (build 1.8.0_102-b14)
Java HotSpot(TM) 64-Bit Server VM (build 25.102-b14, mixed mode)

Aspire@Acer MINGW64 ~
$ cd "E:\Working\SQL\MySQL\Java"

Aspire@Acer MINGW64 /e/Working/SQL/MySQL/Java
$ java -classpath HSQLDB-JDBC/hsqldb.jar org.hsqldb.server.Server --database.0 file:hsqldb/sampledb --dbname.0 sampledb
Error: Could not find or load main class org.hsqldb.server.Server

Aspire@Acer MINGW64 /e/Working/SQL/MySQL/Java
$ cd "E:\Working\SQL\HSQLDB\Java"

Aspire@Acer MINGW64 /e/Working/SQL/HSQLDB/Java
$ java -classpath HSQLDB-JDBC/hsqldb.jar org.hsqldb.server.Server --database.0 file:hsqldb/sampledb --dbname.0 sampledb
[Server@4517d9a3]: [Thread[main,5,main]]: checkRunning(false) entered
[Server@4517d9a3]: [Thread[main,5,main]]: checkRunning(false) exited
[Server@4517d9a3]: Startup sequence initiated from main() method
[Server@4517d9a3]: Loaded properties from [E:\Working\SQL\HSQLDB\Java\server.properties]
[Server@4517d9a3]: Initiating startup sequence...
[Server@4517d9a3]: Server socket opened successfully in 47 ms.
[Server@4517d9a3]: Database [index=0, id=0, db=file:hsqldb/sampledb, alias=sampledb] opened successfully in 1172 ms.
[Server@4517d9a3]: Startup sequence completed in 1219 ms.
[Server@4517d9a3]: 2017-02-13 08:45:39.134 HSQLDB server 2.3.4 is online on port 9001
[Server@4517d9a3]: To close normally, connect and execute SHUTDOWN SQL
[Server@4517d9a3]: From command line, use [Ctrl]+[C] to abort abruptly


Aspire@Acer MINGW64 /e/Working/SQL/HSQLDB/Java
$
